Program
  List
    Function
      IntType
      Id_decl ID="a"
      Params
        List
      Block
        List
          Assign
            Id_use ID="x"
            Add
              Numeral NUMERAL="1"
              Mod
                Id_use ID="y"
                Numeral NUMERAL="2"
          Assign
            Id_use ID="x"
            Add
              Mod
                Numeral NUMERAL="1"
                Id_use ID="y"
              Numeral NUMERAL="2"
