Program
  List
    Function
      IntType
      Id_decl ID="a"
      Params
        List
      Block
        List
          Assign
            Id_use ID="y"
            Mul
              Id_use ID="x"
              Id_use ID="z"
