Program
  List
    Function
      Id_decl ID="a"
      Params
        List
      Block
        List
          Assign
            Id_use ID="x"
            Sub
              Numeral NUMERAL="6"
              Mul
                Numeral NUMERAL="2"
                Id_use ID="y"
          Assign
            Id_use ID="x"
            Sub
              Mul
                Numeral NUMERAL="6"
                Numeral NUMERAL="2"
              Id_use ID="y"
