Program
  List
    Function
      Id_decl ID="a"
      Params
        List
      Block
        List
          CallStmt
            FunctionExpr
              Id_use ID="print"
              Exprs
                List
                  FunctionExpr
                    Id_use ID="gcd1"
                    Exprs
                      List
                        Id_use ID="a"
                        Id_use ID="b"
