Program
  List
    Function
      Id_decl ID="a"
      Params
        List
      Block
        List
          Assign
            Id_use ID="y"
            Add
              Numeral NUMERAL="6"
              Numeral NUMERAL="3"
