Program
  List
    Function
      IntType
      Id_decl ID="a"
      Params
        List
      Block
        List
          Decl
            IntType
            Id_decl ID="x"
            Opt
