Program
  List
    Function
      IntType
      Id_decl ID="a"
      Params
        List
          Id_decl ID="b"
          Id_decl ID="c"
      Block
        List
