main -> b
b -> a
a -> b
b is circular
a is circular
