Error at line 2: symbol 'func' is both function and variable
